<html>
<body>
<pre>
<h1>µVision Build Log</h1>
<h2>Project:</h2>
D:\5530BE\5530B.ENHANCED\Project\JK_BTSET.uvproj
Project File Date:  10/18/2018

<h2>Output:</h2>
Build target 'JK_BTSET'
compiling system_stm32f4xx.c...
compiling misc.c...
compiling stm32f4xx_adc.c...
compiling stm32f4xx_can.c...
compiling stm32f4xx_crc.c...
compiling stm32f4xx_cryp.c...
compiling stm32f4xx_cryp_aes.c...
compiling stm32f4xx_cryp_des.c...
compiling stm32f4xx_cryp_tdes.c...
compiling stm32f4xx_dac.c...
compiling stm32f4xx_dbgmcu.c...
compiling stm32f4xx_dcmi.c...
compiling stm32f4xx_dma.c...
compiling stm32f4xx_dma2d.c...
compiling stm32f4xx_exti.c...
compiling stm32f4xx_flash.c...
compiling stm32f4xx_flash_ramfunc.c...
compiling stm32f4xx_fsmc.c...
compiling stm32f4xx_gpio.c...
compiling stm32f4xx_hash.c...
compiling stm32f4xx_hash_md5.c...
compiling stm32f4xx_hash_sha1.c...
compiling stm32f4xx_i2c.c...
compiling stm32f4xx_iwdg.c...
compiling stm32f4xx_ltdc.c...
compiling stm32f4xx_pwr.c...
compiling stm32f4xx_rcc.c...
compiling stm32f4xx_rng.c...
compiling stm32f4xx_rtc.c...
compiling stm32f4xx_sai.c...
compiling stm32f4xx_sdio.c...
compiling stm32f4xx_spi.c...
compiling stm32f4xx_syscfg.c...
compiling stm32f4xx_tim.c...
compiling stm32f4xx_usart.c...
compiling stm32f4xx_wwdg.c...
compiling main.c...
..\User\main.c(54): warning:  #223-D: function "TIM4_Int_Init" declared implicitly
..\User\main.c(55): warning:  #223-D: function "TIM3_Int_Init" declared implicitly
..\User\main.c(59): warning:  #223-D: function "USART3_Configuration" declared implicitly
compiling stm32f4xx_it.c...
..\User\stm32f4xx_it.c(265): warning:  #1035-D: single-precision operand implicitly converted to double-precision
..\User\stm32f4xx_it.c(325): warning:  #167-D: argument of type "vu8 *" is incompatible with parameter of type "uint8_t *"
compiling adc.c...
compiling AT24C01.c...
..\drive\AT24C01.c(345): warning:  #177-D: function "ee_Delay" was declared but never referenced
compiling BEEP.c...
compiling bsp_SysTick.c...
compiling flash.c...
..\drive\flash.c(270): warning:  #175-D: subscript out of range
compiling GPIO.c...
compiling IIC_24C01.c...
compiling iwdg.c...
compiling key.c...
..\drive\key.c(916): warning:  #223-D: function "MENU_OP_UP" declared implicitly
..\drive\key.c(923): warning:  #223-D: function "LOAD_OP_UP" declared implicitly
..\drive\key.c(937): warning:  #223-D: function "OC_OP_UP" declared implicitly
..\drive\key.c(972): warning:  #223-D: function "MENU_OP_DOWN" declared implicitly
..\drive\key.c(979): warning:  #223-D: function "LOAD_OP_DOWN" declared implicitly
..\drive\key.c(993): warning:  #223-D: function "OC_OP_DOWN" declared implicitly
..\drive\key.c(1026): warning:  #223-D: function "MENU_SET" declared implicitly
..\drive\key.c(1042): warning:  #223-D: function "OC_SET" declared implicitly
..\drive\key.c(1050): warning:  #223-D: function "LOAD_SET" declared implicitly
..\drive\key.c(1064): warning:  #223-D: function "CFM_PASS" declared implicitly
..\drive\key.c(1141): warning:  #223-D: function "CreateCDC" declared implicitly
..\drive\key.c(1400): warning:  #223-D: function "CreateCDC" declared implicitly
..\drive\key.c(1428): warning:  #223-D: function "Createsysinfo" declared implicitly
compiling modbus.c...
..\drive\modbus.c(621): warning:  #175-D: subscript out of range
..\drive\modbus.c(627): warning:  #175-D: subscript out of range
..\drive\modbus.c(868): warning:  #175-D: subscript out of range
compiling ssd1963.c...
..\drive\ssd1963.c(168): warning:  #550-D: variable "FSMC_NORSRAMTimingInitStructure" was set but never used
compiling TIM1.c...
compiling TIM2.c...
compiling TIM6.c...
..\drive\TIM6.c(78): warning:  #223-D: function "ResetPow" declared implicitly
..\drive\TIM6.c(80): warning:  #223-D: function "ResetCDC" declared implicitly
..\drive\TIM6.c(82): warning:  #223-D: function "ResetR" declared implicitly
..\drive\TIM6.c(84): warning:  #223-D: function "ResetLoad" declared implicitly
..\drive\TIM6.c(86): warning:  #223-D: function "ResetG" declared implicitly
..\drive\TIM6.c(88): warning:  #223-D: function "ResetSET" declared implicitly
compiling usart.c...
..\drive\usart.c(268): warning:  #1-D: last line of file ends without a newline
compiling TM1650.c...
..\drive\TM1650.c(242): warning:  #1-D: last line of file ends without a newline
compiling clock.c...
compiling DAC8531.c...
..\drive\DAC8531.c(84): warning:  #1-D: last line of file ends without a newline
compiling AD7689.c...
..\drive\AD7689.c(107): warning: C3017W: AD7689_Data may be used before being set
..\drive\AD7689.c(184): warning: C3017W: var_chV1 may be used before being set
..\drive\AD7689.c(184): warning: C3017W: var_chV may be used before being set
..\drive\AD7689.c(184): warning: C3017W: var_chI may be used before being set
compiling GUI_X.c...
compiling GUIConf.c...
compiling GUIDRV_Template.c...
..\STemWinLibrary522\Config\GUIDRV_Template.c(264): warning:  #177-D: variable "xPhys" was declared but never referenced
..\STemWinLibrary522\Config\GUIDRV_Template.c(264): warning:  #177-D: variable "yPhys" was declared but never referenced
..\STemWinLibrary522\Config\GUIDRV_Template.c(264): warning:  #177-D: variable "lphys" was declared but never referenced
compiling LCDConf_FlexColor_Template.c...
compiling MainTask.c...
..\STemWinLibrary522\emWinTask\MainTask.c(71): warning:  #223-D: function "CreateSTARTER" declared implicitly
..\STemWinLibrary522\emWinTask\MainTask.c(55): warning:  #177-D: variable "crc" was declared but never referenced
..\STemWinLibrary522\emWinTask\MainTask.c(56): warning:  #177-D: variable "send" was declared but never referenced
compiling menu.c...
..\APP\menu.c(137): warning:  #181-D: argument is incompatible with corresponding format string conversion
..\APP\menu.c(296): warning:  #181-D: argument is incompatible with corresponding format string conversion
..\APP\menu.c(303): warning:  #181-D: argument is incompatible with corresponding format string conversion
..\APP\menu.c(434): warning:  #223-D: function "IO_OFF" declared implicitly
compiling R_Face.c...
..\APP\R_Face.c(402): warning:  #223-D: function "setmode_r" declared implicitly
..\APP\R_Face.c(406): warning:  #1035-D: single-precision operand implicitly converted to double-precision
..\APP\R_Face.c(410): warning:  #223-D: function "setmode_r" declared implicitly
..\APP\R_Face.c(427): warning:  #223-D: function "setmode_r" declared implicitly
..\APP\R_Face.c(433): warning:  #223-D: function "setmode_r" declared implicitly
..\APP\R_Face.c(451): warning:  #1035-D: single-precision operand implicitly converted to double-precision
..\APP\R_Face.c(456): warning:  #1035-D: single-precision operand implicitly converted to double-precision
..\APP\R_Face.c(468): warning:  #1035-D: single-precision operand implicitly converted to double-precision
..\APP\R_Face.c(472): warning:  #1035-D: single-precision operand implicitly converted to double-precision
..\APP\R_Face.c(560): warning:  #1035-D: single-precision operand implicitly converted to double-precision
..\APP\R_Face.c(734): warning:  #1035-D: single-precision operand implicitly converted to double-precision
..\APP\R_Face.c(779): warning:  #1035-D: single-precision operand implicitly converted to double-precision
..\APP\R_Face.c(779): warning:  #1035-D: single-precision operand implicitly converted to double-precision
..\APP\R_Face.c(793): warning:  #1035-D: single-precision operand implicitly converted to double-precision
..\APP\R_Face.c(793): warning:  #1035-D: single-precision operand implicitly converted to double-precision
..\APP\R_Face.c(807): warning:  #1035-D: single-precision operand implicitly converted to double-precision
..\APP\R_Face.c(807): warning:  #1035-D: single-precision operand implicitly converted to double-precision
..\APP\R_Face.c(821): warning:  #1035-D: single-precision operand implicitly converted to double-precision
..\APP\R_Face.c(821): warning:  #1035-D: single-precision operand implicitly converted to double-precision
..\APP\R_Face.c(835): warning:  #1035-D: single-precision operand implicitly converted to double-precision
..\APP\R_Face.c(835): warning:  #1035-D: single-precision operand implicitly converted to double-precision
..\APP\R_Face.c(1340): warning:  #223-D: function "setmode_r" declared implicitly
..\APP\R_Face.c(1711): warning:  #177-D: variable "hItem" was declared but never referenced
..\APP\R_Face.c(2057): warning:  #1035-D: single-precision operand implicitly converted to double-precision
..\APP\R_Face.c(2096): warning:  #1035-D: single-precision operand implicitly converted to double-precision
compiling load_Face.c...
..\APP\load_Face.c(163): warning:  #181-D: argument is incompatible with corresponding format string conversion
..\APP\load_Face.c(329): warning:  #181-D: argument is incompatible with corresponding format string conversion
..\APP\load_Face.c(336): warning:  #181-D: argument is incompatible with corresponding format string conversion
..\APP\load_Face.c(500): warning:  #223-D: function "IO_OFF" declared implicitly
compiling c_dc.c...
..\APP\c_dc.c(975): warning:  #223-D: function "IO_OFF" declared implicitly
compiling graph.c...
..\APP\graph.c(277): warning:  #940-D: missing return statement at end of non-void function "DrawGraph"
compiling settings.c...
compiling STARTER.c...
..\APP\STARTER.c(95): warning:  #223-D: function "CreateR" declared implicitly
compiling sysinfo.c...
..\APP\sysinfo.c(1376): warning:  #1-D: last line of file ends without a newline
compiling HZ16.c...
compiling HZ12.c...
compiling EN40.c...
compiling HZ20S.c...
compiling HZ32.c...
compiling set_font.c...
compiling symbol.c...
compiling unit.c...
compiling usb_core.c...
compiling usb_hcd.c...
compiling usb_hcd_int.c...
compiling usbh_core.c...
compiling usbh_hcs.c...
compiling usbh_ioreq.c...
compiling usbh_stdreq.c...
compiling usbh_msc_bot.c...
compiling usbh_msc_core.c...
compiling usbh_msc_scsi.c...
compiling usb_bsp.c...
compiling usbh_usr.c...
..\USB\USB_APP\usbh_usr.c(19): warning:  #177-D: variable "AppState" was declared but never referenced
linking...
Program Size: Code=159764 RO-data=117484 RW-data=2300 ZI-data=34260  
FromELF: creating hex file...
"..\Output\JK_BTSET.axf" - 0 Error(s), 81 Warning(s).
Load "..\\Output\\JK_BTSET.AXF" 
* JLink Info: Device "STM32F407VE" selected (512 KB flash, 128 KB RAM).
Set JLink Project File to "D:\5530BE\5530B.ENHANCED\Project\JLinkSettings.ini"
 
JLink info:
------------
DLL: V4.40c, compiled Jan 24 2012 09:30:33
Firmware: J-Link V9 compiled Apr 20 2018 16:47:26
Hardware: V9.40
S/N : 59401576 
Feature(s) : RDI, GDB, FlashDL, FlashBP, JFlash 
 
* JLink Info: Found SWD-DP with ID 0x2BA01477
* JLink Info: TPIU fitted.
* JLink Info: ETM fitted.
* JLink Info:   FPUnit: 6 code (BP) slots and 2 literal slots
* JLink Info: Found Cortex-M4 r0p1, Little endian.
ROMTableAddr = 0xE00FF003
* JLink Info: Found SWD-DP with ID 0x2BA01477
* JLink Info: TPIU fitted.
* JLink Info: ETM fitted.
* JLink Info:   FPUnit: 6 code (BP) slots and 2 literal slots
* JLink Info: Found Cortex-M4 r0p1, Little endian.
 
Target info:
------------
Device: STM32F407VE
VTarget = 3.308V
State of Pins: 
TCK: 0, TDI: 0, TDO: 0, TMS: 1, TRES: 1, TRST: 1
Hardware-Breakpoints: 6
Software-Breakpoints: 8192
Watchpoints:          4
JTAG speed: 200 kHz
 
Erase Done.
Programming Done.
Verify OK.
Build target 'JK_BTSET'
compiling stm32f4xx_it.c...
..\User\stm32f4xx_it.c(265): warning:  #1035-D: single-precision operand implicitly converted to double-precision
..\User\stm32f4xx_it.c(325): warning:  #167-D: argument of type "vu8 *" is incompatible with parameter of type "uint8_t *"
linking...
Program Size: Code=159764 RO-data=117484 RW-data=2300 ZI-data=34260  
FromELF: creating hex file...
"..\Output\JK_BTSET.axf" - 0 Error(s), 2 Warning(s).
Load "..\\Output\\JK_BTSET.AXF" 
* JLink Info: Device "STM32F407VE" selected (512 KB flash, 128 KB RAM).
Set JLink Project File to "D:\5530BE\5530B.ENHANCED\Project\JLinkSettings.ini"
 
JLink info:
------------
DLL: V4.40c, compiled Jan 24 2012 09:30:33
Firmware: J-Link V9 compiled Apr 20 2018 16:47:26
Hardware: V9.40
S/N : 59401576 
Feature(s) : RDI, GDB, FlashDL, FlashBP, JFlash 
 
* JLink Info: Found SWD-DP with ID 0x2BA01477
* JLink Info: TPIU fitted.
* JLink Info: ETM fitted.
* JLink Info:   FPUnit: 6 code (BP) slots and 2 literal slots
* JLink Info: Found Cortex-M4 r0p1, Little endian.
ROMTableAddr = 0xE00FF003
* JLink Info: Found SWD-DP with ID 0x2BA01477
* JLink Info: TPIU fitted.
* JLink Info: ETM fitted.
* JLink Info:   FPUnit: 6 code (BP) slots and 2 literal slots
* JLink Info: Found Cortex-M4 r0p1, Little endian.
 
Target info:
------------
Device: STM32F407VE
VTarget = 3.309V
State of Pins: 
TCK: 0, TDI: 0, TDO: 0, TMS: 1, TRES: 1, TRST: 1
Hardware-Breakpoints: 6
Software-Breakpoints: 8192
Watchpoints:          4
JTAG speed: 200 kHz
 
Erase Done.
Programming Done.
Verify OK.
Build target 'JK_BTSET'
compiling stm32f4xx_it.c...
..\User\stm32f4xx_it.c(265): warning:  #1035-D: single-precision operand implicitly converted to double-precision
..\User\stm32f4xx_it.c(325): warning:  #167-D: argument of type "vu8 *" is incompatible with parameter of type "uint8_t *"
linking...
Program Size: Code=159764 RO-data=117484 RW-data=2300 ZI-data=34260  
FromELF: creating hex file...
"..\Output\JK_BTSET.axf" - 0 Error(s), 2 Warning(s).
Load "..\\Output\\JK_BTSET.AXF" 
* JLink Info: Device "STM32F407VE" selected (512 KB flash, 128 KB RAM).
Set JLink Project File to "D:\5530BE\5530B.ENHANCED\Project\JLinkSettings.ini"
 
JLink info:
------------
DLL: V4.40c, compiled Jan 24 2012 09:30:33
Firmware: J-Link V9 compiled Apr 20 2018 16:47:26
Hardware: V9.40
S/N : 59401576 
Feature(s) : RDI, GDB, FlashDL, FlashBP, JFlash 
 
* JLink Info: Found SWD-DP with ID 0x2BA01477
* JLink Info: TPIU fitted.
* JLink Info: ETM fitted.
* JLink Info:   FPUnit: 6 code (BP) slots and 2 literal slots
* JLink Info: Found Cortex-M4 r0p1, Little endian.
ROMTableAddr = 0xE00FF003
* JLink Info: Found SWD-DP with ID 0x2BA01477
* JLink Info: TPIU fitted.
* JLink Info: ETM fitted.
* JLink Info:   FPUnit: 6 code (BP) slots and 2 literal slots
* JLink Info: Found Cortex-M4 r0p1, Little endian.
 
Target info:
------------
Device: STM32F407VE
VTarget = 3.308V
State of Pins: 
TCK: 0, TDI: 0, TDO: 0, TMS: 1, TRES: 1, TRST: 1
Hardware-Breakpoints: 6
Software-Breakpoints: 8192
Watchpoints:          4
JTAG speed: 200 kHz
 
Erase Done.
Programming Done.
Verify OK.
Build target 'JK_BTSET'
compiling stm32f4xx_it.c...
..\User\stm32f4xx_it.c(265): warning:  #1035-D: single-precision operand implicitly converted to double-precision
..\User\stm32f4xx_it.c(325): warning:  #167-D: argument of type "vu8 *" is incompatible with parameter of type "uint8_t *"
linking...
Program Size: Code=159788 RO-data=117484 RW-data=2300 ZI-data=34260  
FromELF: creating hex file...
"..\Output\JK_BTSET.axf" - 0 Error(s), 2 Warning(s).
Load "..\\Output\\JK_BTSET.AXF" 
* JLink Info: Device "STM32F407VE" selected (512 KB flash, 128 KB RAM).
Set JLink Project File to "D:\5530BE\5530B.ENHANCED\Project\JLinkSettings.ini"
 
JLink info:
------------
DLL: V4.40c, compiled Jan 24 2012 09:30:33
Firmware: J-Link V9 compiled Apr 20 2018 16:47:26
Hardware: V9.40
S/N : 59401576 
Feature(s) : RDI, GDB, FlashDL, FlashBP, JFlash 
 
* JLink Info: Found SWD-DP with ID 0x2BA01477
* JLink Info: TPIU fitted.
* JLink Info: ETM fitted.
* JLink Info:   FPUnit: 6 code (BP) slots and 2 literal slots
* JLink Info: Found Cortex-M4 r0p1, Little endian.
ROMTableAddr = 0xE00FF003
* JLink Info: Found SWD-DP with ID 0x2BA01477
* JLink Info: TPIU fitted.
* JLink Info: ETM fitted.
* JLink Info:   FPUnit: 6 code (BP) slots and 2 literal slots
* JLink Info: Found Cortex-M4 r0p1, Little endian.
 
Target info:
------------
Device: STM32F407VE
VTarget = 3.314V
State of Pins: 
TCK: 0, TDI: 0, TDO: 0, TMS: 1, TRES: 1, TRST: 1
Hardware-Breakpoints: 6
Software-Breakpoints: 8192
Watchpoints:          4
JTAG speed: 200 kHz
 
Erase Done.
Programming Done.
Verify OK.
Build target 'JK_BTSET'
compiling sysinfo.c...
..\APP\sysinfo.c(1376): warning:  #1-D: last line of file ends without a newline
linking...
Program Size: Code=159780 RO-data=117484 RW-data=2300 ZI-data=34260  
FromELF: creating hex file...
"..\Output\JK_BTSET.axf" - 0 Error(s), 1 Warning(s).
Load "..\\Output\\JK_BTSET.AXF" 
* JLink Info: Device "STM32F407VE" selected (512 KB flash, 128 KB RAM).
Set JLink Project File to "D:\5530BE\5530B.ENHANCED\Project\JLinkSettings.ini"
 
JLink info:
------------
DLL: V4.40c, compiled Jan 24 2012 09:30:33
Firmware: J-Link V9 compiled Apr 20 2018 16:47:26
Hardware: V9.40
S/N : 59401576 
Feature(s) : RDI, GDB, FlashDL, FlashBP, JFlash 
 
* JLink Info: Found SWD-DP with ID 0x2BA01477
* JLink Info: TPIU fitted.
* JLink Info: ETM fitted.
* JLink Info:   FPUnit: 6 code (BP) slots and 2 literal slots
* JLink Info: Found Cortex-M4 r0p1, Little endian.
ROMTableAddr = 0xE00FF003
* JLink Info: Found SWD-DP with ID 0x2BA01477
* JLink Info: TPIU fitted.
* JLink Info: ETM fitted.
* JLink Info:   FPUnit: 6 code (BP) slots and 2 literal slots
* JLink Info: Found Cortex-M4 r0p1, Little endian.
 
Target info:
------------
Device: STM32F407VE
VTarget = 3.298V
State of Pins: 
TCK: 0, TDI: 0, TDO: 0, TMS: 1, TRES: 1, TRST: 1
Hardware-Breakpoints: 6
Software-Breakpoints: 8192
Watchpoints:          4
JTAG speed: 200 kHz
 
Erase Done.
Programming Done.
Verify OK.
